[ict-club.pages.dev/index.html]
[backblue.gif]
[fade.gif]
[index.html]
[ict-club.pages.dev/assets/img/favicon.png]
[ict-club.pages.dev/assets/img/apple-touch-icon.png]
[ict-club.pages.dev/assets/vendor/animate.css/animate.min.css]
[ict-club.pages.dev/assets/vendor/aos/aos.css]
[ict-club.pages.dev/assets/vendor/bootstrap/css/bootstrap.min.css]
[ict-club.pages.dev/assets/vendor/bootstrap-icons/bootstrap-icons.css]
[ict-club.pages.dev/assets/vendor/boxicons/css/boxicons.min.css]
[ict-club.pages.dev/assets/vendor/glightbox/css/glightbox.min.css]
[ict-club.pages.dev/assets/vendor/remixicon/remixicon.css]
[ict-club.pages.dev/assets/vendor/swiper/swiper-bundle.min.css]
[ict-club.pages.dev/assets/css/style.css]
[ict-club.pages.dev/assets/img/ict.png]
[ict-club.pages.dev/assets/img/cosmos.png]
[ict-club.pages.dev/assets/img/rules.jpg]
[ict-club.pages.dev/assets/img/codeof.jpg]
[ict-club.pages.dev/assets/img/organigram.png]
[ict-club.pages.dev/assets/img/testimonials/pawansir.jpg]
[ict-club.pages.dev/assets/img/testimonials/baburamsir.png]
[ict-club.pages.dev/assets/img/testimonials/bibeksir.jpg]
[ict-club.pages.dev/assets/img/team/nischal.jpg]
[ict-club.pages.dev/assets/img/team/yogesh.jpg]
[ict-club.pages.dev/assets/img/team/Keshav.png]
[ict-club.pages.dev/assets/img/team/santosh.jpg]
[ict-club.pages.dev/assets/vendor/aos/aos.js]
[ict-club.pages.dev/assets/vendor/bootstrap/js/bootstrap.bundle.min.js]
[ict-club.pages.dev/assets/vendor/glightbox/js/glightbox.min.js]
[ict-club.pages.dev/assets/vendor/isotope-layout/isotope.pkgd.min.js]
[ict-club.pages.dev/assets/vendor/swiper/swiper-bundle.min.js]
[ict-club.pages.dev/assets/vendor/php-email-form/validate.js]
[ict-club.pages.dev/index.html]
[ict-club.pages.dev/assets/vendor/animate.css/animate.min.css]
[ict-club.pages.dev/assets/vendor/aos/aos.css]
[ict-club.pages.dev/assets/vendor/bootstrap/css/bootstrap.min.css]
[ict-club.pages.dev/assets/js/main.js]
[ict-club.pages.dev/assets/vendor/bootstrap-icons/bootstrap-icons.css]
[ict-club.pages.dev/assets/vendor/bootstrap-icons/fonts/bootstrap-iconsd862.woff]
[ict-club.pages.dev/assets/vendor/boxicons/fonts/boxicons.ttf]
[ict-club.pages.dev/assets/vendor/boxicons/fonts/boxicons.woff]
[ict-club.pages.dev/assets/vendor/boxicons/css/boxicons.min.css]
[ict-club.pages.dev/assets/vendor/glightbox/css/glightbox.min.css]
[ict-club.pages.dev/assets/vendor/boxicons/fonts/boxiconsd41d.svg]
[ict-club.pages.dev/assets/vendor/remixicon/remixicon.css]
[ict-club.pages.dev/assets/vendor/remixicon/remixicondf6d.woff]
[ict-club.pages.dev/assets/vendor/swiper/swiper-bundle.min.css]
[ict-club.pages.dev/assets/css/style.css]
[ict-club.pages.dev/assets/vendor/remixicon/remixicondf6d.ttf]
[ict-club.pages.dev/assets/vendor/remixicon/remixicondf6d.svg]
[ict-club.pages.dev/assets/vendor/bootstrap-icons/fonts/bootstrap-iconsd862.html]
[ict-club.pages.dev/assets/vendor/boxicons/fonts/boxicons.html]
[ict-club.pages.dev/assets/vendor/boxicons/fonts/boxicons-2.html]
[ict-club.pages.dev/assets/vendor/boxicons/fonts/boxiconsd41d.svg]
[ict-club.pages.dev/assets/vendor/remixicon/remixicondf6d.html]
[ict-club.pages.dev/assets/vendor/remixicon/remixicondf6d-2.html]
[ict-club.pages.dev/assets/vendor/remixicon/remixicondf6d.svg]
